// Jest Snapshot v1, https://goo.gl/fbAQLP

exports[` 1`] = `
"doc => {
  return !(doc.series === \\"mario\\") && !(doc.debut < 1996);
};"
`;
