// Jest Snapshot v1, https://goo.gl/fbAQLP

exports[` 1`] = `
"doc => {
  return \\"retired\\" in doc === true;
};"
`;
