// Jest Snapshot v1, https://goo.gl/fbAQLP

exports[` 1`] = `
"doc => {
  return doc.eats.length === 1;
};"
`;
