// Jest Snapshot v1, https://goo.gl/fbAQLP

exports[` 1`] = `
"doc => {
  return !(doc.favorites && doc.favorites[\\"some\\"](_data => [\\"Mario\\"].indexOf(_data) >= 0) || doc.age <= 21);
};"
`;
