// Jest Snapshot v1, https://goo.gl/fbAQLP

exports[` 1`] = `
"doc => {
  return doc.debut % 2 === 0 && doc.rank % 2 === 1;
};"
`;
