// Jest Snapshot v1, https://goo.gl/fbAQLP

exports[` 1`] = `
"doc => {
  return Object.prototype.toString.call(doc.wears).toLowerCase() === \\"[object array]\\";
};"
`;
