// Jest Snapshot v1, https://goo.gl/fbAQLP

exports[` 1`] = `
"doc => {
  return [\\"zelda\\", \\"pokemon\\"].indexOf(doc.series) >= 0;
};"
`;
